coop_idle_cb called-back for (99)|(100)
thrd_grp_1: time-out; 10[0-2] ticks passed
(thrd_1: time-out; 10[0-2] ticks passed)|(thrd_grp_1 EXIT)
(thrd_1 EXIT)|(thrd_1: time-out; 10[0-2] ticks passed)
(thrd_grp_1 EXIT)|(thrd_1 EXIT)
coop_idle_cb called-back for (99)|(100)
(thrd_grp_2)|(thrd_2)|(thrd_grp_3): waited (199)|(20[01]) ticks for signal
((thrd_grp_2)|(thrd_2)|(thrd_grp_3): waited (199)|(20[01]) ticks for signal)|((thrd_grp_2)|(thrd_2)|(thrd_grp_3) EXIT)
((thrd_grp_2)|(thrd_2)|(thrd_grp_3): waited (199)|(20[01]) ticks for signal)|((thrd_grp_2)|(thrd_2)|(thrd_grp_3) EXIT)
((thrd_grp_2)|(thrd_2)|(thrd_grp_3): waited (199)|(20[01]) ticks for signal)|((thrd_grp_2)|(thrd_2)|(thrd_grp_3) EXIT)
((thrd_grp_2)|(thrd_2)|(thrd_grp_3): waited (199)|(20[01]) ticks for signal)|((thrd_grp_2)|(thrd_2)|(thrd_grp_3) EXIT)
(thrd_grp_2)|(thrd_2)|(thrd_grp_3) EXIT
coop_idle_cb called-back for 0
coop_idle_cb called-back for 0
thrd_3: waited (199)|(20[01]) ticks for signal
thrd_3 EXIT
