thrd_1: waited (199)|(20[01]) ticks for signal
thrd_1 EXIT
thrd_2: waited (399)|(40[01]) ticks for signal
thrd_2 EXIT
thrd_notify EXIT
thrd_3: waited (599)|(60[01]) ticks for signal
thrd_3 EXIT
thrd_4: time-out; 81[0-2] ticks passed
thrd_4 EXIT
